<testsuites id="" name="" tests="2" failures="0" skipped="0" errors="0" time="2.577549000000581">
<testsuite name="api\transaction-history.spec.ts" timestamp="2025-02-09T14:52:43.176Z" hostname="chromium" tests="2" failures="0" skipped="0" time="1.399" errors="0">
<testcase name="Fetch Historical Transactions › Fetches transactions successfully with dates" classname="api\transaction-history.spec.ts" time="1.274">
</testcase>
<testcase name="Fetch Historical Transactions › Returns error when start_time or end_time is missing" classname="api\transaction-history.spec.ts" time="0.125">
</testcase>
</testsuite>
</testsuites>